2026-01-03T23:31:47.851+05:30  INFO 28200 --- [SpringMvcProject] [restartedMain] c.c.m.S.SpringMvcProjectApplication      : Starting SpringMvcProjectApplication using Java 25.0.1 with PID 28200 (D:\SpringMvcProject\target\classes started by ASUS in D:\SpringMvcProject)
2026-01-03T23:31:47.857+05:30  INFO 28200 --- [SpringMvcProject] [restartedMain] c.c.m.S.SpringMvcProjectApplication      : No active profile set, falling back to 1 default profile: "default"
2026-01-03T23:31:47.923+05:30  INFO 28200 --- [SpringMvcProject] [restartedMain] .e.DevToolsPropertyDefaultsPostProcessor : Devtools property defaults active! Set 'spring.devtools.add-properties' to 'false' to disable
2026-01-03T23:31:47.923+05:30  INFO 28200 --- [SpringMvcProject] [restartedMain] .e.DevToolsPropertyDefaultsPostProcessor : For additional web related logging consider setting the 'logging.level.web' property to 'DEBUG'
2026-01-03T23:31:48.840+05:30  INFO 28200 --- [SpringMvcProject] [restartedMain] o.s.boot.tomcat.TomcatWebServer          : Tomcat initialized with port 8080 (http)
2026-01-03T23:31:48.855+05:30  INFO 28200 --- [SpringMvcProject] [restartedMain] o.apache.catalina.core.StandardService   : Starting service [Tomcat]
2026-01-03T23:31:48.855+05:30  INFO 28200 --- [SpringMvcProject] [restartedMain] o.apache.catalina.core.StandardEngine    : Starting Servlet engine: [Apache Tomcat/11.0.15]
2026-01-03T23:31:48.889+05:30  INFO 28200 --- [SpringMvcProject] [restartedMain] b.w.c.s.WebApplicationContextInitializer : Root WebApplicationContext: initialization completed in 965 ms
2026-01-03T23:31:49.215+05:30  INFO 28200 --- [SpringMvcProject] [restartedMain] o.s.boot.tomcat.TomcatWebServer          : Tomcat started on port 8080 (http) with context path '/'
2026-01-03T23:31:49.219+05:30  INFO 28200 --- [SpringMvcProject] [restartedMain] c.c.m.S.SpringMvcProjectApplication      : Started SpringMvcProjectApplication in 1.776 seconds (process running for 2.185)
2026-01-03T23:33:32.252+05:30  INFO 28200 --- [SpringMvcProject] [http-nio-8080-exec-1] o.a.c.c.C.[Tomcat].[localhost].[/]       : Initializing Spring DispatcherServlet 'dispatcherServlet'
2026-01-03T23:33:32.253+05:30  INFO 28200 --- [SpringMvcProject] [http-nio-8080-exec-1] o.s.web.servlet.DispatcherServlet        : Initializing Servlet 'dispatcherServlet'
2026-01-03T23:33:32.254+05:30  INFO 28200 --- [SpringMvcProject] [http-nio-8080-exec-1] o.s.web.servlet.DispatcherServlet        : Completed initialization in 1 ms
2026-01-03T23:33:32.290+05:30 ERROR 28200 --- [SpringMvcProject] [http-nio-8080-exec-1] c.c.m.S.controllers.ProductController    : ProductName: bittu4uhh
2026-01-03T23:33:32.291+05:30  WARN 28200 --- [SpringMvcProject] [http-nio-8080-exec-1] c.c.m.S.controllers.ProductController    : ProductId: 1234
2026-01-03T23:33:32.291+05:30  INFO 28200 --- [SpringMvcProject] [http-nio-8080-exec-1] c.c.m.S.controllers.ProductController    : ProductRating: 347
2026-01-03T23:33:49.380+05:30  INFO 28200 --- [SpringMvcProject] [SpringApplicationShutdownHook] o.s.boot.tomcat.GracefulShutdown         : Commencing graceful shutdown. Waiting for active requests to complete
2026-01-03T23:33:49.386+05:30  INFO 28200 --- [SpringMvcProject] [tomcat-shutdown] o.s.boot.tomcat.GracefulShutdown         : Graceful shutdown complete
2026-01-03T23:33:52.169+05:30  INFO 4292 --- [SpringMvcProject] [restartedMain] c.c.m.S.SpringMvcProjectApplication      : Starting SpringMvcProjectApplication using Java 25.0.1 with PID 4292 (D:\SpringMvcProject\target\classes started by ASUS in D:\SpringMvcProject)
2026-01-03T23:33:52.171+05:30  INFO 4292 --- [SpringMvcProject] [restartedMain] c.c.m.S.SpringMvcProjectApplication      : No active profile set, falling back to 1 default profile: "default"
2026-01-03T23:33:52.209+05:30  INFO 4292 --- [SpringMvcProject] [restartedMain] .e.DevToolsPropertyDefaultsPostProcessor : Devtools property defaults active! Set 'spring.devtools.add-properties' to 'false' to disable
2026-01-03T23:33:52.209+05:30  INFO 4292 --- [SpringMvcProject] [restartedMain] .e.DevToolsPropertyDefaultsPostProcessor : For additional web related logging consider setting the 'logging.level.web' property to 'DEBUG'
2026-01-03T23:33:52.901+05:30  INFO 4292 --- [SpringMvcProject] [restartedMain] o.s.boot.tomcat.TomcatWebServer          : Tomcat initialized with port 8080 (http)
2026-01-03T23:33:52.911+05:30  INFO 4292 --- [SpringMvcProject] [restartedMain] o.apache.catalina.core.StandardService   : Starting service [Tomcat]
2026-01-03T23:33:52.911+05:30  INFO 4292 --- [SpringMvcProject] [restartedMain] o.apache.catalina.core.StandardEngine    : Starting Servlet engine: [Apache Tomcat/11.0.15]
2026-01-03T23:33:52.937+05:30  INFO 4292 --- [SpringMvcProject] [restartedMain] b.w.c.s.WebApplicationContextInitializer : Root WebApplicationContext: initialization completed in 727 ms
2026-01-03T23:33:53.218+05:30  INFO 4292 --- [SpringMvcProject] [restartedMain] o.s.boot.tomcat.TomcatWebServer          : Tomcat started on port 8080 (http) with context path '/'
2026-01-03T23:33:53.224+05:30  INFO 4292 --- [SpringMvcProject] [restartedMain] c.c.m.S.SpringMvcProjectApplication      : Started SpringMvcProjectApplication in 1.361 seconds (process running for 3.176)
2026-01-03T23:34:01.814+05:30  INFO 4292 --- [SpringMvcProject] [http-nio-8080-exec-2] o.a.c.c.C.[Tomcat].[localhost].[/]       : Initializing Spring DispatcherServlet 'dispatcherServlet'
2026-01-03T23:34:01.815+05:30  INFO 4292 --- [SpringMvcProject] [http-nio-8080-exec-2] o.s.web.servlet.DispatcherServlet        : Initializing Servlet 'dispatcherServlet'
2026-01-03T23:34:01.816+05:30  INFO 4292 --- [SpringMvcProject] [http-nio-8080-exec-2] o.s.web.servlet.DispatcherServlet        : Completed initialization in 1 ms
2026-01-03T23:34:01.859+05:30 ERROR 4292 --- [SpringMvcProject] [http-nio-8080-exec-2] c.c.m.S.controllers.ProductController    : ProductName: bittu4uhh
2026-01-03T23:34:01.859+05:30  WARN 4292 --- [SpringMvcProject] [http-nio-8080-exec-2] c.c.m.S.controllers.ProductController    : ProductId: 1234
2026-01-03T23:34:01.859+05:30  INFO 4292 --- [SpringMvcProject] [http-nio-8080-exec-2] c.c.m.S.controllers.ProductController    : ProductRating: 347
2026-01-03T23:43:08.417+05:30  INFO 4292 --- [SpringMvcProject] [SpringApplicationShutdownHook] o.s.boot.tomcat.GracefulShutdown         : Commencing graceful shutdown. Waiting for active requests to complete
2026-01-03T23:43:08.423+05:30  INFO 4292 --- [SpringMvcProject] [tomcat-shutdown] o.s.boot.tomcat.GracefulShutdown         : Graceful shutdown complete
2026-01-03T23:43:11.213+05:30  INFO 22804 --- [SpringMvcProject] [restartedMain] c.c.m.S.SpringMvcProjectApplication      : Starting SpringMvcProjectApplication using Java 25.0.1 with PID 22804 (D:\SpringMvcProject\target\classes started by ASUS in D:\SpringMvcProject)
2026-01-03T23:43:11.215+05:30  INFO 22804 --- [SpringMvcProject] [restartedMain] c.c.m.S.SpringMvcProjectApplication      : No active profile set, falling back to 1 default profile: "default"
2026-01-03T23:43:11.260+05:30  INFO 22804 --- [SpringMvcProject] [restartedMain] .e.DevToolsPropertyDefaultsPostProcessor : Devtools property defaults active! Set 'spring.devtools.add-properties' to 'false' to disable
2026-01-03T23:43:11.262+05:30  INFO 22804 --- [SpringMvcProject] [restartedMain] .e.DevToolsPropertyDefaultsPostProcessor : For additional web related logging consider setting the 'logging.level.web' property to 'DEBUG'
2026-01-03T23:43:11.982+05:30  INFO 22804 --- [SpringMvcProject] [restartedMain] o.s.boot.tomcat.TomcatWebServer          : Tomcat initialized with port 8080 (http)
2026-01-03T23:43:11.997+05:30  INFO 22804 --- [SpringMvcProject] [restartedMain] o.apache.catalina.core.StandardService   : Starting service [Tomcat]
2026-01-03T23:43:11.997+05:30  INFO 22804 --- [SpringMvcProject] [restartedMain] o.apache.catalina.core.StandardEngine    : Starting Servlet engine: [Apache Tomcat/11.0.15]
2026-01-03T23:43:12.026+05:30  INFO 22804 --- [SpringMvcProject] [restartedMain] b.w.c.s.WebApplicationContextInitializer : Root WebApplicationContext: initialization completed in 764 ms
2026-01-03T23:43:12.320+05:30  INFO 22804 --- [SpringMvcProject] [restartedMain] o.s.boot.tomcat.TomcatWebServer          : Tomcat started on port 8080 (http) with context path '/'
2026-01-03T23:43:12.325+05:30  INFO 22804 --- [SpringMvcProject] [restartedMain] c.c.m.S.SpringMvcProjectApplication      : Started SpringMvcProjectApplication in 1.467 seconds (process running for 1.856)
2026-01-03T23:43:17.065+05:30  INFO 22804 --- [SpringMvcProject] [http-nio-8080-exec-1] o.a.c.c.C.[Tomcat].[localhost].[/]       : Initializing Spring DispatcherServlet 'dispatcherServlet'
2026-01-03T23:43:17.066+05:30  INFO 22804 --- [SpringMvcProject] [http-nio-8080-exec-1] o.s.web.servlet.DispatcherServlet        : Initializing Servlet 'dispatcherServlet'
2026-01-03T23:43:17.067+05:30  INFO 22804 --- [SpringMvcProject] [http-nio-8080-exec-1] o.s.web.servlet.DispatcherServlet        : Completed initialization in 1 ms
2026-01-03T23:43:17.103+05:30 ERROR 22804 --- [SpringMvcProject] [http-nio-8080-exec-1] c.c.m.S.controllers.ProductController    : ProductName: bittu4uhh
2026-01-03T23:43:17.104+05:30  WARN 22804 --- [SpringMvcProject] [http-nio-8080-exec-1] c.c.m.S.controllers.ProductController    : ProductId: 1234
2026-01-03T23:43:17.104+05:30  INFO 22804 --- [SpringMvcProject] [http-nio-8080-exec-1] c.c.m.S.controllers.ProductController    : ProductRating: 347
2026-01-03T23:43:23.312+05:30  INFO 22804 --- [SpringMvcProject] [SpringApplicationShutdownHook] o.s.boot.tomcat.GracefulShutdown         : Commencing graceful shutdown. Waiting for active requests to complete
2026-01-03T23:43:23.318+05:30  INFO 22804 --- [SpringMvcProject] [tomcat-shutdown] o.s.boot.tomcat.GracefulShutdown         : Graceful shutdown complete
2026-01-03T23:43:24.754+05:30  INFO 22644 --- [SpringMvcProject] [restartedMain] c.c.m.S.SpringMvcProjectApplication      : Starting SpringMvcProjectApplication using Java 25.0.1 with PID 22644 (D:\SpringMvcProject\target\classes started by ASUS in D:\SpringMvcProject)
2026-01-03T23:43:24.757+05:30  INFO 22644 --- [SpringMvcProject] [restartedMain] c.c.m.S.SpringMvcProjectApplication      : No active profile set, falling back to 1 default profile: "default"
2026-01-03T23:43:24.799+05:30  INFO 22644 --- [SpringMvcProject] [restartedMain] .e.DevToolsPropertyDefaultsPostProcessor : Devtools property defaults active! Set 'spring.devtools.add-properties' to 'false' to disable
2026-01-03T23:43:24.799+05:30  INFO 22644 --- [SpringMvcProject] [restartedMain] .e.DevToolsPropertyDefaultsPostProcessor : For additional web related logging consider setting the 'logging.level.web' property to 'DEBUG'
2026-01-03T23:43:25.585+05:30  INFO 22644 --- [SpringMvcProject] [restartedMain] o.s.boot.tomcat.TomcatWebServer          : Tomcat initialized with port 8080 (http)
2026-01-03T23:43:25.597+05:30  INFO 22644 --- [SpringMvcProject] [restartedMain] o.apache.catalina.core.StandardService   : Starting service [Tomcat]
2026-01-03T23:43:25.598+05:30  INFO 22644 --- [SpringMvcProject] [restartedMain] o.apache.catalina.core.StandardEngine    : Starting Servlet engine: [Apache Tomcat/11.0.15]
2026-01-03T23:43:25.627+05:30  INFO 22644 --- [SpringMvcProject] [restartedMain] b.w.c.s.WebApplicationContextInitializer : Root WebApplicationContext: initialization completed in 827 ms
2026-01-03T23:43:25.938+05:30  INFO 22644 --- [SpringMvcProject] [restartedMain] o.s.boot.tomcat.TomcatWebServer          : Tomcat started on port 8080 (http) with context path '/'
2026-01-03T23:43:25.944+05:30  INFO 22644 --- [SpringMvcProject] [restartedMain] c.c.m.S.SpringMvcProjectApplication      : Started SpringMvcProjectApplication in 1.551 seconds (process running for 1.925)
2026-01-03T23:43:32.089+05:30  INFO 22644 --- [SpringMvcProject] [http-nio-8080-exec-2] o.a.c.c.C.[Tomcat].[localhost].[/]       : Initializing Spring DispatcherServlet 'dispatcherServlet'
2026-01-03T23:43:32.089+05:30  INFO 22644 --- [SpringMvcProject] [http-nio-8080-exec-2] o.s.web.servlet.DispatcherServlet        : Initializing Servlet 'dispatcherServlet'
2026-01-03T23:43:32.091+05:30  INFO 22644 --- [SpringMvcProject] [http-nio-8080-exec-2] o.s.web.servlet.DispatcherServlet        : Completed initialization in 2 ms
2026-01-03T23:43:32.129+05:30 ERROR 22644 --- [SpringMvcProject] [http-nio-8080-exec-2] c.c.m.S.controllers.ProductController    : ProductName: bittu4uhh
2026-01-03T23:43:32.129+05:30  WARN 22644 --- [SpringMvcProject] [http-nio-8080-exec-2] c.c.m.S.controllers.ProductController    : ProductId: 1234
2026-01-03T23:43:32.130+05:30  INFO 22644 --- [SpringMvcProject] [http-nio-8080-exec-2] c.c.m.S.controllers.ProductController    : ProductRating: 347
2026-01-03T23:44:25.729+05:30  INFO 22644 --- [SpringMvcProject] [SpringApplicationShutdownHook] o.s.boot.tomcat.GracefulShutdown         : Commencing graceful shutdown. Waiting for active requests to complete
2026-01-03T23:44:25.736+05:30  INFO 22644 --- [SpringMvcProject] [tomcat-shutdown] o.s.boot.tomcat.GracefulShutdown         : Graceful shutdown complete
2026-01-03T23:44:27.317+05:30  INFO 4740 --- [SpringMvcProject] [restartedMain] c.c.m.S.SpringMvcProjectApplication      : Starting SpringMvcProjectApplication using Java 25.0.1 with PID 4740 (D:\SpringMvcProject\target\classes started by ASUS in D:\SpringMvcProject)
2026-01-03T23:44:27.318+05:30 DEBUG 4740 --- [SpringMvcProject] [restartedMain] c.c.m.S.SpringMvcProjectApplication      : Running with Spring Boot v4.0.1, Spring v7.0.2
2026-01-03T23:44:27.319+05:30  INFO 4740 --- [SpringMvcProject] [restartedMain] c.c.m.S.SpringMvcProjectApplication      : No active profile set, falling back to 1 default profile: "default"
2026-01-03T23:44:27.368+05:30  INFO 4740 --- [SpringMvcProject] [restartedMain] .e.DevToolsPropertyDefaultsPostProcessor : Devtools property defaults active! Set 'spring.devtools.add-properties' to 'false' to disable
2026-01-03T23:44:27.368+05:30  INFO 4740 --- [SpringMvcProject] [restartedMain] .e.DevToolsPropertyDefaultsPostProcessor : For additional web related logging consider setting the 'logging.level.web' property to 'DEBUG'
2026-01-03T23:44:28.134+05:30  INFO 4740 --- [SpringMvcProject] [restartedMain] o.s.boot.tomcat.TomcatWebServer          : Tomcat initialized with port 8080 (http)
2026-01-03T23:44:28.149+05:30  INFO 4740 --- [SpringMvcProject] [restartedMain] o.apache.catalina.core.StandardService   : Starting service [Tomcat]
2026-01-03T23:44:28.149+05:30  INFO 4740 --- [SpringMvcProject] [restartedMain] o.apache.catalina.core.StandardEngine    : Starting Servlet engine: [Apache Tomcat/11.0.15]
2026-01-03T23:44:28.177+05:30  INFO 4740 --- [SpringMvcProject] [restartedMain] b.w.c.s.WebApplicationContextInitializer : Root WebApplicationContext: initialization completed in 808 ms
2026-01-03T23:44:28.486+05:30  INFO 4740 --- [SpringMvcProject] [restartedMain] o.s.boot.tomcat.TomcatWebServer          : Tomcat started on port 8080 (http) with context path '/'
2026-01-03T23:44:28.491+05:30  INFO 4740 --- [SpringMvcProject] [restartedMain] c.c.m.S.SpringMvcProjectApplication      : Started SpringMvcProjectApplication in 1.551 seconds (process running for 1.934)
2026-01-03T23:44:36.336+05:30  INFO 4740 --- [SpringMvcProject] [http-nio-8080-exec-2] o.a.c.c.C.[Tomcat].[localhost].[/]       : Initializing Spring DispatcherServlet 'dispatcherServlet'
2026-01-03T23:44:36.336+05:30  INFO 4740 --- [SpringMvcProject] [http-nio-8080-exec-2] o.s.web.servlet.DispatcherServlet        : Initializing Servlet 'dispatcherServlet'
2026-01-03T23:44:36.337+05:30  INFO 4740 --- [SpringMvcProject] [http-nio-8080-exec-2] o.s.web.servlet.DispatcherServlet        : Completed initialization in 1 ms
2026-01-03T23:44:36.375+05:30 ERROR 4740 --- [SpringMvcProject] [http-nio-8080-exec-2] c.c.m.S.controllers.ProductController    : ProductName: bittu4uhh
2026-01-03T23:44:36.376+05:30  WARN 4740 --- [SpringMvcProject] [http-nio-8080-exec-2] c.c.m.S.controllers.ProductController    : ProductId: 1234
2026-01-03T23:44:36.376+05:30  INFO 4740 --- [SpringMvcProject] [http-nio-8080-exec-2] c.c.m.S.controllers.ProductController    : ProductRating: 347
2026-01-03T23:44:36.376+05:30 DEBUG 4740 --- [SpringMvcProject] [http-nio-8080-exec-2] c.c.m.S.controllers.ProductController    : This is testing for debug 
